     1                                  ; Filename starterkitx64.asm
     2                                  
     3                                  ;-------------------------------------------------------
     4                                  ; CHOOSE TO BE A HERO OR A VILLIAN 
     5                                  ;-------------------------------------------------------
     6                                  
     7                                  ;-------------------------------------------------------
     8                                  ; VALIDATION VALUES TO BE USED, MODIFY AS NEEDED
     9                                  ; ADD ADDITIONAL VALIDATION VALUES AS REQUIRED
    10                                  ;-------------------------------------------------------
    11                                  MIN_POTIONS EQU 1                       ; MIN NUMBER OF POTIONS
    12                                  MAX_POTIONS EQU 9                       ; MAX NUMBER OF POTIONS
    13                                  MIN_WEAPONS EQU 1                       ; MIN WEAPONS
    14                                  MAX_WEAPONS EQU 3                       ; MAX WEAPONS
    15                                  WIN_POINT   EQU 5                       ; POINTS ACCUMILATED ON WIN
    16                                  LOSE_POINT  EQU 8                       ; POINTS DEDUCTED ON A LOSS
    17                                  
    18                                  MAX_HEALTH  EQU 100                     ; Max Health
    19                                  MIN_HEALTH  EQU 0                       ; Min Health
    20                                  LOSE_HEALTH EQU 10                      ; POINTS DEDUCTED ON A LOSS
    21                                  
    22                                  MINE_LOC    EQU 100                     ; USED BELOW FOR SOME SIMPLE COLLISION DETECTION USING CMP
    23                                                                          ; EXAMPLE FOR A HIT
    24                                  SCORE_INIT  EQU 0                       ; Initialize Scroe at 0
    25                                  SCORE_INC   EQU 100                     ; Score increment
    26                                  SCORE_VAL   EQU 9900                    ; Last possible score value, after this set to 9999
    27                                  MAX_SCORE   EQU 9999                    ; Max Score
    28                                  
    29                                  STATUS_OK   EQU 0x00                    ; return status okay
    30                                  SYS_EXIT    EQU 0x01                    ; system exit
    31                                  SYS_KERNEL  EQU 0x80                    ; kernel call
    32                                  SYS_READ    EQU 0x03                    ; System read
    33                                  SYS_STDIN   EQU 0x02                    ; stdin
    34                                  SYS_STDOUT  EQU 0x01                    ; stdout
    35                                  SYS_WRITE   EQU 0x04                    ; System write
    36                                  
    37                                  ;-------------------------------------------------------
    38                                  ;--------------------Globals----------------------------
    39                                  ;-------------------------------------------------------
    40                                  global _start                           ; Declared for linker this is declaring _start (entry point)
    41                                  
    42                                  ;-------------------------------------------------------
    43                                  ;--------------------Entry Point------------------------
    44                                  ;-------------------------------------------------------	
    45                                  _start: ;linker entry point
    46 00000000 E8AE030000                  call    clear_screen                ; CLEARS THE SCREEN 
    47 00000005 E872000000                  call    initialize                  ; Initialize Game Data
    48 0000000A E804040000                  call    red_terminal                ; Red Terminal
    49 0000000F E886000000                  call    welcome                     ; Branch to Welcome Procedure
    50 00000014 E8AF030000                  call    continue                    ; Press anykey to continue
    51 00000019 E895030000                  call    clear_screen                ; CLEARS THE SCREEN 
    52 0000001E E824040000                  call    blue_terminal               ; Blue Terminal
    53 00000023 E896000000                  call    game_input                  ; Branch to Game Input Procedure
    54 00000028 E89B030000                  call    continue                    ; Press anykey to continue 
    55 0000002D E8C7030000                  call    default_terminal            ; Default Terminal
    56 00000032 E802010000                  call    game                        ; Branch to Game Procedure
    57 00000037 E8A1030000                  call    flush                       ; Flush before exit
    58 0000003C E800000000                  call    system_exit                 ; Exit and Clean Up
    59                                  
    60                                  ;-------------------------------------------------------
    61                                  ;--------------------System Exit------------------------
    62                                  ;-------------------------------------------------------
    63                                  system_exit:
    64 00000041 BB00000000                  mov     rbx, STATUS_OK              ; return status 64 Bit Registerr
    65 00000046 B801000000                  mov     rax, SYS_EXIT               ; system call number (sys_exit) 64 Bit Register
    66 0000004B CD80                        int     SYS_KERNEL                  ; call kernel, system call 64 bit System  
    67                                  
    68                                  ;-------------------------------------------------------
    69                                  ;-------------------Write to stdout---------------------
    70                                  ;-------------------------------------------------------
    71                                  sys_write:
    72 0000004D BB01000000                  mov     rbx, SYS_STDOUT             ; file descriptor (stdout) 64 Bit Register
    73 00000052 B804000000                  mov     rax, SYS_WRITE              ; system call number (sys_write) 64 Bit Register
    74 00000057 CD80                        int     SYS_KERNEL                  ; call kernel, system call 64 bit System
    75 00000059 C3                          ret                                 ; return
    76                                  
    77                                  ;-------------------------------------------------------
    78                                  ;-------------------Read from stdin---------------------
    79                                  ;-------------------------------------------------------
    80                                  sys_read:
    81 0000005A BB02000000                  mov     rbx, SYS_STDIN              ; file descriptor (stdin) 64 Bit Register
    82 0000005F B803000000                  mov     rax, SYS_READ               ; system call number (sys_read) 64 Bit Register    
    83 00000064 CD80                        int     SYS_KERNEL                  ; call kernel, system call 64 bit System
    84 00000066 C3                          ret                                 ; return
    85                                  
    86                                  ;-------------------------------------------------------
    87                                  ;---------------------Write ENDL------------------------
    88                                  ;-------------------------------------------------------
    89                                  write_endl:
    90 00000067 48B9-                       mov     rcx, crlf                   ; message 64 Bit Register
    90 00000069 [5602000000000000] 
    91 00000071 BA02000000                  mov     rdx, len_crlf               ; message length see length equ 64 Bit Register
    92 00000076 E8D2FFFFFF                  call    sys_write                   ; call sys_write
    93 0000007B C3                          ret                                 ; return
    94                                  
    95                                  ;-------------------------------------------------------
    96                                  ;----------------Initialize SUBROUTINE------------------
    97                                  ;-------------------------------------------------------
    98                                  initialize:
    99 0000007C 31C0                        xor     eax, eax                    ; clear eax accumulator register
   100 0000007E B800000000                  mov     eax, SCORE_INIT             ; Moves 0 to Score
   101 00000083 890425[03000000]            mov     [score], eax                ; Initialize score at 0
   102                                  
   103 0000008A 31C0                        xor     eax, eax                    ; clear eax accumulator register
   104 0000008C B864000000                  mov     eax, MAX_HEALTH             ; Moves 100 to Health
   105 00000091 48890425[07000000]          mov     [health], rax               ; Initialize score at 0
   106 00000099 C3                          ret
   107                                  
   108                                  ;-------------------------------------------------------
   109                                  ;-------------------WELCOME SUBROUTINE------------------
   110                                  ;-------------------------------------------------------
   111                                  welcome:
   112 0000009A E8C8FFFFFF                  call    write_endl                  ; write ENDL
   113 0000009F 48B9-                       mov     rcx, welcome_msg            ; message 64 Bit Register
   113 000000A1 [2500000000000000] 
   114 000000A9 BAB9000000                  mov     rdx, len_welcome_msg        ; message length see length equ 64 Bit Register
   115 000000AE E89AFFFFFF                  call    sys_write                   ; call sys_write  
   116 000000B3 E8AFFFFFFF                  call    write_endl                  ; write ENDL
   117 000000B8 E813020000                  call    write_continue              ; call continue
   118 000000BD C3                          ret                                 ; return
   119                                  
   120                                  ;-------------------------------------------------------
   121                                  ;---------GAMEPLAY INPUT VALUES SUBROUTINE--------------
   122                                  ;-------------------------------------------------------    
   123                                  game_input:
   124 000000BE E866020000                  call    decorate                    ; Decorate screen
   125 000000C3 E81A000000                  call    potions_input               ; BRANCH TO POTION INPUT SUBROUTINE
   126 000000C8 E85C020000                  call    decorate                    ; Decorate screen
   127 000000CD E848000000                  call    weapons_input               ; BRANCH TO WEAPONSS INPUT SUBROUTINE
   128 000000D2 E890FFFFFF                  call    write_endl                  ; write ENDL
   129 000000D7 E84D020000                  call    decorate                    ; Decorate screen
   130 000000DC E8EF010000                  call    write_continue              ; call continue msg
   131 000000E1 C3                          ret                                 ; return
   132                                  
   133                                  ;-------------------------------------------------------
   134                                  ;-----------------POTIONS INVENTORY---------------------
   135                                  ; NUMBER OF POTIONS TO BE USED IN A QUEST 
   136                                  ;------------------------------------------------------- 
   137                                  potions_input:
   138 000000E2 E880FFFFFF                  call    write_endl                  ; write ENDL
   139 000000E7 48B9-                       mov     rcx, potion_msg             ; message 64 Bit Register
   139 000000E9 [0101000000000000] 
   140 000000F1 BA1D000000                  mov     rdx, len_potion_msg         ; message length see length equ 64 Bit Register
   141 000000F6 E852FFFFFF                  call    sys_write                   ; call sys_write    
   142 000000FB E867FFFFFF                  call    write_endl                  ; write ENDL
   143 00000100 48B9-                       mov     rcx, potions_msg            ; message 64 Bit Register
   143 00000102 [1E01000000000000] 
   144 0000010A BA15000000                  mov     rdx, len_potions_msg        ; message length see length equ 64 Bit Register
   145 0000010F E853FFFFFF                  call    write_endl                  ; write ENDL
   146 00000114 E834FFFFFF                  call    sys_write                   ; call sys_write    
   147 00000119 C3                          ret
   148                                  
   149                                  ;-------------------------------------------------------
   150                                  ;-------------------------WEAPONS-----------------------
   151                                  ; NUMBER OF WEAPONS
   152                                  ;*-------------------------------------------------------   
   153                                  weapons_input:
   154 0000011A E848FFFFFF                  call    write_endl                  ; write ENDL
   155 0000011F 48B9-                       mov     rcx, weapons_msg            ; message 64 Bit Register
   155 00000121 [3301000000000000] 
   156 00000129 BA71000000                  mov     rdx, len_weapons_msg        ; message length see length equ 64 Bit Register
   157 0000012E E81AFFFFFF                  call    sys_write                   ; call sys_write   
   158 00000133 E82FFFFFFF                  call    write_endl                  ; write ENDL
   159 00000138 C3                          ret
   160                                  
   161                                  ;-------------------------------------------------------
   162                                  ;-------------------GAME SUBROUTINE---------------------
   163                                  ;-------------------------------------------------------
   164                                  game:
   165 00000139 E801000000                  call    gameloop                    ; BRANCH TO GAMELOOP SUBROUTINE
   166 0000013E C3                          ret                                 ; RETURN FROM GAME: SUBROUTINE
   167                                  
   168                                  ;-------------------------------------------------------
   169                                  ;----------------GAMELOOP (MAIN LOOP)-------------------
   170                                  ;------------------------------------------------------- 
   171                                  gameloop:
   172 0000013F E86F020000                  call    clear_screen                ; CLEARS THE SCREEN 
   173 00000144 E8E0010000                  call    decorate                    ; Decorate screen
   174 00000149 E83D000000                  call    update                      ; BRANCH TO UPDATE GAME SUBROUTINE 
   175 0000014E E8D6010000                  call    decorate                    ; Decorate screen
   176 00000153 E8B5000000                  call    draw                        ; BRANCH TO DRAW SCREEN SUBROUTINE
   177 00000158 E8CC010000                  call    decorate                    ; Decorate screen
   178 0000015D E8CA000000                  call    gameplay                    ; BRANCH TO GAMEPLAY SCREEN SUBROUTINE
   179 00000162 E8C2010000                  call    decorate                    ; Decorate screen
   180 00000167 E8C1020000                  call    green_terminal              ; Green Terminal
   181 0000016C E8DA000000                  call    hud                         ; BRANCH TO DISPLAY HUD SUBROUTINE
   182 00000171 E883020000                  call    default_terminal            ; Default Terminal
   183 00000176 E8AE010000                  call    decorate                    ; Decorate screen
   184 0000017B E8C8010000                  call    collision                   ; BRANCH TO COLLISION SUBROUTINE
   185 00000180 E8A4010000                  call    decorate                    ; Decorate screen
   186 00000185 E860010000                  call    replay                      ; BRANCH TO REPLAY GAME SUBROUTINE
   187 0000018A C3                          ret                                 ; RETURN FROM GAMELOOP: SUBROUTINE
   188                                  
   189                                  ;-------------------------------------------------------
   190                                  ;----------------UPDATE QUEST PROGRESS------------------
   191                                  ;  COMPLETE QUEST
   192                                  ;------------------------------------------------------- 
   193                                  update:
   194 0000018B E8D7FEFFFF                  call    write_endl                  ; write ENDL
   195 00000190 48B9-                       mov     rcx, update_msg             ; message 64 Bit Register
   195 00000192 [B201000000000000] 
   196 0000019A BA11000000                  mov     rdx, len_update_msg         ; message length see length equ 64 Bit Register
   197 0000019F E8A9FEFFFF                  call    sys_write                   ; call sys_write   
   198 000001A4 E8BEFEFFFF                  call    write_endl                  ; write ENDL
   199                                  
   200 000001A9 E806000000                  call    .update_score               ; update score    
   201 000001AE E82F000000                  call    .update_health              ; update health 
   202                                  
   203 000001B3 C3                          ret                                 ; RETURN FROM UPDATE: SUBROUTINE
   204                                  
   205                                  .update_score:
   206 000001B4 31C0                        xor     eax, eax                    ; clear eax accumulator register
   207 000001B6 8B0425[03000000]            mov     eax, [score]                ; fetch score
   208                                     
   209 000001BD 89C1                        mov     ecx, eax                    ; move to ecx for comparison
   210 000001BF 81F9AC260000                cmp     ecx, SCORE_VAL              ; Check is score is less than SCORE_VAL
   211 000001C5 7C0E                        jl      .set_score                  ; set score 
   212                                  .set_score_max:    
   213 000001C7 B80F270000                  mov     eax, MAX_SCORE              ; set score to MAX_SCORE
   214 000001CC 890425[03000000]            mov     [score], eax                ; update score
   215 000001D3 EB0C                        jmp     .end_update_score           ; goto end or procedure
   216                                  .set_score:
   217 000001D5 83C064                      add     eax, SCORE_INC              ; increment score by SCORE_INC per round
   218 000001D8 890425[03000000]            mov     [score], eax                ; update score
   219 000001DF EB00                        jmp     .end_update_score           ; goto end or procedure
   220                                  .end_update_score:
   221 000001E1 C3                          ret                                 ; return
   222                                      
   223                                  .update_health:
   224 000001E2 31C0                        xor     eax, eax                    ; clear eax accumulator register
   225 000001E4 8B0425[07000000]            mov     eax, [health]               ; fetch health
   226                                      
   227 000001EB 89C1                        mov     ecx, eax
   228 000001ED 83F90A                      cmp     ecx, LOSE_HEALTH            ; Check is health remaining is greater than LOSE_HEALTH
   229 000001F0 7D0E                        jge     .set_health                 ; set health
   230                                  .set_health_zero:    
   231 000001F2 B800000000                  mov     eax, MIN_HEALTH             ; set health to 0
   232 000001F7 890425[07000000]            mov     [health], eax               ; update health
   233 000001FE EB0C                        jmp     .end_update_health          ; goto end or procedure
   234                                  .set_health:
   235 00000200 83E80A                      sub     eax, LOSE_HEALTH            ; decrement health by 10 per round (TODO Change GSM when Health reached 0)
   236 00000203 890425[07000000]            mov     [health], eax               ; update health
   237 0000020A EB00                        jmp     .end_update_health          ; goto end or procedure
   238                                  .end_update_health:
   239 0000020C C3                          ret                                 ; return
   240                                  
   241                                  ;-------------------------------------------------------
   242                                  ;-----------------DRAW QUEST UPDATES--------------------
   243                                  ; DRAW THE GAME PROGRESS INFORMATION, STATUS REGARDING
   244                                  ; QUEST
   245                                  ;------------------------------------------------------- 
   246                                  draw:
   247 0000020D E855FEFFFF                  call    write_endl                  ; write ENDL
   248 00000212 48B9-                       mov     rcx, draw_msg               ; message 64 Bit Register
   248 00000214 [C301000000000000] 
   249 0000021C BA0D000000                  mov     rdx, len_draw_msg           ; message length see length equ 64 Bit Register
   250 00000221 E827FEFFFF                  call    sys_write                   ; call sys_write   
   251 00000226 E83CFEFFFF                  call    write_endl                  ; write ENDL
   252 0000022B C3                          ret                                 ; RETURN FROM DRAW: SUBROUTINE
   253                                  
   254                                  ;-------------------------------------------------------
   255                                  ;---GAME PLAY (QUEST PROGRESS)--------------------------
   256                                  ;------------------------------------------------------- 
   257                                  gameplay:
   258 0000022C E836FEFFFF                  call    write_endl                  ; write ENDL
   259 00000231 48B9-                       mov     rcx, gameplay_msg           ; message 64 Bit Register
   259 00000233 [A401000000000000] 
   260 0000023B BA0E000000                  mov     rdx, len_gameplay_msg       ; message length see length equ 64 Bit Register
   261 00000240 E808FEFFFF                  call    sys_write                   ; call sys_write   
   262 00000245 E81DFEFFFF                  call    write_endl                  ; write ENDL
   263 0000024A C3                          ret                                 ; RETURN FROM DRAW: SUBROUTINE
   264                                  
   265                                  ;-------------------------------------------------------
   266                                  ;------------HEADS UP DISPLAY (SCORE & \HEALTH)---------
   267                                  ; RETRIEVES THE SCORE FROM MEMORY LOCATION
   268                                  ; RETRIEVES THE HEALTH FROM MEMORY LOCATION
   269                                  ;-------------------------------------------------------   
   270                                  hud:
   271 0000024B E806000000                  call    .hud_score                  ; print score
   272 00000250 E83D000000                  call    .hud_health                 ; print health
   273 00000255 C3                          ret                                 ; RETURN FROM HUD: SUBROUTINE
   274                                  
   275                                  .hud_score:
   276 00000256 E80CFEFFFF                  call    write_endl                  ; write ENDL
   277 0000025B 48B9-                       mov     rcx, score_msg              ; message 64 Bit Register
   277 0000025D [4502000000000000] 
   278 00000265 BA08000000                  mov     rdx, len_score_msg          ; message length see length equ 64 Bit Register
   279 0000026A E8DEFDFFFF                  call    sys_write                   ; call sys_write   
   280                                  
   281 0000026F 8B0425[03000000]            mov     eax, [score]                ; Pass number to eax
   282 00000276 BE[0F000000]                mov     esi, buffer                 ; Size of Buffer
   283                                      
   284 0000027B E814010000                  call    int_to_string               ; Call int_to_string
   285                                  
   286 00000280 89C1                        mov     ecx, eax                    ; Result in eax, pass to ecx to print                 
   287 00000282 BA04000000                  mov     edx, 0x4                    ; message length see length equ 64 Bit Register
   288                                  
   289 00000287 E8C1FDFFFF                  call    sys_write                   ; call sys_write   
   290 0000028C E8D6FDFFFF                  call    write_endl                  ; write ENDL
   291 00000291 C3                          ret                                 ; return
   292                                  
   293                                  .hud_health:
   294 00000292 48B9-                       mov     rcx, health_msg             ; message 64 Bit Register
   294 00000294 [4D02000000000000] 
   295 0000029C BA09000000                  mov     rdx, len_health_msg         ; message length see length equ 64 Bit Register
   296 000002A1 E8A7FDFFFF                  call    sys_write                   ; call sys_write   
   297                                  
   298 000002A6 488B0425[07000000]          mov     rax, [health]               ; Pass number to eax
   299 000002AE 48BE-                       mov     rsi, buffer                 ; Size of Buffer
   299 000002B0 [0F00000000000000] 
   300                                      
   301 000002B8 E8D7000000                  call    int_to_string               ; Call int_to_string
   302                                  
   303 000002BD 4889C1                      mov     rcx, rax                    ; Result in eax, pass to ecx to print                 
   304 000002C0 BA04000000                  mov     rdx, 0x4                    ; message length see length equ 64 Bit Register
   305                                  
   306 000002C5 E883FDFFFF                  call    sys_write                   ; call sys_write   
   307 000002CA E898FDFFFF                  call    write_endl                  ; write ENDL
   308 000002CF C3                          ret
   309                                  
   310                                  
   311                                  ;-------------------------------------------------------
   312                                  ;----------------------Continue-------------------------
   313                                  ;-------------------------------------------------------
   314                                  write_continue:
   315 000002D0 E892FDFFFF                  call    write_endl                  ; write ENDL
   316 000002D5 48B9-                       mov     rcx, continue_msg           ; message 64 Bit Register
   316 000002D7 [DE00000000000000] 
   317 000002DF BA23000000                  mov     rdx, len_continue_msg       ; message length see length equ 64 Bit Register
   318 000002E4 E864FDFFFF                  call    sys_write                   ; call sys_write  
   319 000002E9 C3                          ret                                 ; return
   320                                  ;-------------------------------------------------------
   321                                  ;------------------------REPLAY-------------------------
   322                                  ;-------------------------------------------------------
   323                                  replay:
   324 000002EA E878FDFFFF                  call    write_endl                  ; write ENDL
   325 000002EF 48B9-                       mov     rcx, replay_msg             ; message 64 Bit Register
   325 000002F1 [1802000000000000] 
   326 000002F9 BA2D000000                  mov     rdx, len_replay_msg         ; message length see length equ 64 Bit Register
   327 000002FE E84AFDFFFF                  call    sys_write                   ; call sys_write
   328 00000303 48B9-                       mov     rcx, action                 ; move input to action  
   328 00000305 [0100000000000000] 
   329 0000030D BA01000000                  mov     rdx, 1                      ; size of input
   330 00000312 E843FDFFFF                  call    sys_read                    ; call sys_read
   331 00000317 4889CB                      mov     rbx, rcx                    ; move to compare input
   332 0000031A 803B30                      cmp     byte [rbx], 0x30            ; compare value in register with 0x30 Hex ASCII for 0
   333 0000031D 0F851CFEFFFF                jne     gameloop                    ; jump tp gameloop if not equals 0
   334 00000323 E83FFDFFFF                  call    write_endl                  ; write ENDL
   335 00000328 C3                          ret                                 ; RETURN FROM REPLAY: SUBROUTINE
   336                                  
   337                                  ;-------------------------------------------------------
   338                                  ;------------------SCREEN DECORATION--------------------
   339                                  ;-------------------------------------------------------
   340                                  decorate:
   341 00000329 E839FDFFFF                  call    write_endl                  ; write ENDL
   342 0000032E 48B9-                       mov     rcx, loop_msg               ; message 64 Bit Register
   342 00000330 [DC01000000000000] 
   343 00000338 BA3C000000                  mov     rdx, len_loop_msg           ; message length see length equ 64 Bit Register
   344 0000033D E80BFDFFFF                  call    sys_write                   ; call sys_write
   345 00000342 E820FDFFFF                  call    write_endl                  ; write ENDL
   346 00000347 C3                          ret                                 ; RETURN FROM DECORATE: SUBROUTINE
   347                                  
   348                                  ;-------------------------------------------------------
   349                                  ;---------------Collision Detection (Attacked)----------
   350                                  ; This procedure is used for collision detection
   351                                  ;-------------------------------------------------------
   352                                  collision:
   353 00000348 4831DB                      xor     rbx, rbx                    ; clear ebx
   354 0000034B BB64000000                  mov     rbx, MINE_LOC               ; move ordinace location into ebx
   355 00000350 4883FB64                    cmp     rbx, 0x64                   ; compare value in register with 0x64 100,ebx IS( X == 100)?
   356 00000354 751F                    	jne     collision_miss              ; COLLISION_MISS IF X IS NOT EQUAL TO 100, OTHERWISW HIT
   357                                  collision_hit:
   358 00000356 E80CFDFFFF                  call    write_endl                  ; write ENDL
   359 0000035B 48B9-                       mov     rcx, hit_msg                ; message 64 Bit Register
   359 0000035D [D001000000000000] 
   360 00000365 BA07000000                  mov     rdx, len_hit_msg            ; message length see length equ 64 Bit Register
   361 0000036A E8DEFCFFFF                  call    sys_write                   ; call sys_write   
   362 0000036F E8F3FCFFFF                  call    write_endl                  ; write ENDL
   363 00000374 C3                          ret                                 ; RETURN FROM COLLISION: SUBROUTINE
   364                                  
   365                                  collision_miss:
   366 00000375 E8EDFCFFFF                  call    write_endl                  ; write ENDL
   367 0000037A 48B9-                       mov     rcx, miss_msg               ; message 64 Bit Register
   367 0000037C [D701000000000000] 
   368 00000384 BA05000000                  mov     rdx, len_miss_msg           ; message length see length equ 64 Bit Register
   369 00000389 E8BFFCFFFF                  call    sys_write                   ; call sys_write   
   370 0000038E E8D4FCFFFF                  call    write_endl                  ; write ENDL
   371 00000393 C3                          ret                                 ; RETURN FROM COLLISION: SUBROUTINE   
   372                                  
   373                                  ;-------------------------------------------------------
   374                                  ;----Convert Number into Printable String---------------
   375                                  ; Step through each digit and display
   376                                  ;-------------------------------------------------------
   377                                  int_to_string:
   378 00000394 83C609                      add     esi, 9                      ; 0-9 Bytes    
   379 00000397 67C60600                    mov     byte [esi], 0               ; String terminator
   380                                      
   381 0000039B BB0A000000                  mov     ebx, 10                     ; Move 10 (divide each digit by 10)
   382                                  
   383                                  .next_digit:
   384 000003A0 31D2                        xor     edx, edx                    ; clear edx register
   385 000003A2 F7F3                        div     ebx                         ; eax /= 10
   386 000003A4 80C230                      add     dl, '0'                     ; Convert the remainder to ASCII 
   387 000003A7 FFCE                        dec     esi                         ; Store characters in reverse order
   388 000003A9 678816                      mov     [esi], dl                   ; Move DL register to ESI
   389 000003AC 85C0                        test    eax, eax                    ; Perform a bitwise AND on two operands                   
   390 000003AE 75F0                        jnz     .next_digit                 ; Repeat until eax == 0
   391 000003B0 89F0                        mov     eax, esi                    ; Memory address of first Digit
   392 000003B2 C3                          ret
   393                                  
   394                                  ;-------------------------------------------------------
   395                                  ;------------------CLEAR SCREEN-------------------------
   396                                  ;-------------------------------------------------------
   397                                  clear_screen:
   398 000003B3 48B9-                       mov     rcx, clear_escape           ; Terminal control string
   398 000003B5 [0000000000000000] 
   399 000003BD BA07000000                  mov     rdx, len_clear_escape       ; clear_escape message length
   400 000003C2 E886FCFFFF                  call    sys_write                   ; call sys_write
   401 000003C7 C3                          ret
   402                                  
   403                                  ;-------------------------------------------------------
   404                                  ;------------------CONTINUE-----------------------------
   405                                  ;-------------------------------------------------------
   406                                  continue:
   407 000003C8 48B9-                       mov     rcx, anykey                 ; move input to anykey  
   407 000003CA [0200000000000000] 
   408 000003D2 BA01000000                  mov     rdx, 1                      ; size of input
   409 000003D7 E87EFCFFFF                  call    sys_read                    ; call sys_read
   410 000003DC C3                          ret                                 ; return
   411                                  
   412                                  ;-------------------------------------------------------
   413                                  ;------------------Flush Line Feed----------------------
   414                                  ;-------------------------------------------------------
   415                                  flush:
   416 000003DD 48B9-                       mov     rcx, flush_buffer           ; message 64 Bit Register
   416 000003DF [1300000000000000] 
   417 000003E7 BA01000000                  mov     rdx, len_flush_buffer       ; message length see length equ 64 Bit Register
   418 000003EC E869FCFFFF                  call    sys_read                    ; call sys_read
   419 000003F1 807C11FF0A                  cmp     byte [rcx + rdx - 1], 0xA   ; cmp line feed
   420 000003F6 75E5                        jne     flush                       ; loop again
   421 000003F8 C3                          ret                                 ; return
   422                                  
   423                                  ;-------------------------------------------------------
   424                                  ;------------------Default Terminal---------------------
   425                                  ;-------------------------------------------------------
   426                                  default_terminal:
   427 000003F9 48B9-                       mov     rcx, terminal_default       ; message 64 Bit Register
   427 000003FB [0700000000000000] 
   428 00000403 BA0A000000                  mov     rdx, len_terminal_default   ; message length see length equ 64 Bit Register
   429 00000408 E840FCFFFF                  call    sys_write                   ; call sys_write 
   430 0000040D E855FCFFFF                  call    write_endl                  ; write ENDL
   431 00000412 C3                          ret                                 ; return  
   432                                  
   433                                  ;-------------------------------------------------------
   434                                  ;---------------------Red Terminal----------------------
   435                                  ;-------------------------------------------------------
   436                                  red_terminal:
   437 00000413 48B9-                       mov     rcx, terminal_red           ; message 64 Bit Register
   437 00000415 [1100000000000000] 
   438 0000041D BA05000000                  mov     rdx, len_terminal_red       ; message length see length equ 64 Bit Register
   439 00000422 E826FCFFFF                  call    sys_write                   ; call sys_write 
   440 00000427 E83BFCFFFF                  call    write_endl                  ; write ENDL
   441 0000042C C3                          ret                                 ; return
   442                                  ;-------------------------------------------------------
   443                                  ;--------------------Green Terminal---------------------
   444                                  ;-------------------------------------------------------
   445                                  green_terminal: 
   446 0000042D 48B9-                       mov     rcx, terminal_green         ; message 64 Bit Register
   446 0000042F [1600000000000000] 
   447 00000437 BA0A000000                  mov     rdx, len_terminal_green     ; message length see length equ 64 Bit Register
   448 0000043C E80CFCFFFF                  call    sys_write                   ; call sys_write 
   449 00000441 E821FCFFFF                  call    write_endl                  ; write ENDL
   450 00000446 C3                          ret                                 ; return
   451                                  ;-------------------------------------------------------
   452                                  ;--------------------Blue Terminal----------------------
   453                                  ;-------------------------------------------------------
   454                                  blue_terminal:
   455 00000447 48B9-                       mov     rcx, terminal_blue          ; message 64 Bit Register
   455 00000449 [2000000000000000] 
   456 00000451 BA05000000                  mov     rdx, len_terminal_blue      ; message length see length equ 64 Bit Register
   457 00000456 E8F2FBFFFF                  call    sys_write                   ; call sys_write 
   458 0000045B E807FCFFFF                  call    write_endl                  ; write ENDL
   459 00000460 C3                          ret                                 ; return 
   460                                  
   461                                  ;-------------------------------------------------------
   462                                  ;---------------------Section BSS-----------------------
   463                                  ;-------------------------------------------------------    
   464                                  section .bss
   465 00000000 ??                          counter resb 1                      ; reserve a byte of memory for counter
   466 00000001 ??                          action  resb 1                      ; reserve a byte of memory for action
   467 00000002 ??                          anykey  resb 1                      ; reserve a byte of memory for anykey
   468 00000003 ????????                    score   resb 4                      ; reserve a byte of memory for score
   469 00000007 ????????                    health  resb 4                      ; reserve a byte of memory for health
   470 0000000B ????????                    number  resb 4                      ; reserve a byte of memory for buffer atoi
   471 0000000F ????????                    buffer  resb 4                      ; reserve a byte of memory for buffer atoi
   472 00000013 ??                          flush_buffer        resb 1              ; flush buffer
   473                                      len_flush_buffer    equ $-flush_buffer  ; flush buffer length   
   474 00000014 ??                          row     resb 1                      ; reserve a byte or memory for row
   475 00000015 ??                          col     resb 1                      ; reserve a byte or memory for column
   476                                                           
   477                                  
   478                                  ;-------------------------------------------------------
   479                                  ;---------------------Section Data----------------------
   480                                  ;-------------------------------------------------------    
   481                                  section .data
   482                                  
   483                                  ; Clear screen terminal escape sequence
   484 00000000 1B5B481B5B324A          clear_escape        db   27,"[H",27,"[2J"               ; see https://opensource.com/article/19/9/linux-terminal-colors
   485                                  len_clear_escape    equ  $-clear_escape                 ; clear_escape message length
   486 00000007 1B5B33396D1B5B3439-     terminal_default    db   27,"[39m",27,"[49m"            ; Terminal default colors
   486 00000010 6D                 
   487                                  len_terminal_default  equ  $-terminal_default           ; terminal_default message length
   488 00000011 1B5B33316D              terminal_red        db   27,"[31m"                      ; Red Text
   489                                  len_terminal_red    equ  $-terminal_red                 ; terminal_red message length
   490                                  
   491 00000016 1B5B33326D1B5B3437-     terminal_green      db   27,"[32m", 27,"[47m"           ; Green Text
   491 0000001F 6D                 
   492                                  len_terminal_green  equ  $-terminal_green               ; terminal_green message length
   493 00000020 1B5B33346D              terminal_blue       db   27,"[34m"                      ; Blue Text
   494                                  len_terminal_blue   equ  $-terminal_blue                ; cleterminal_blue message length
   495                                  
   496                                  ; Welcome Message Splash Screen
   497 00000025 2A2A2A2A2A2A2A2A2A-     welcome_msg         db  '************************************************************'
   497 0000002E 2A2A2A2A2A2A2A2A2A-
   497 00000037 2A2A2A2A2A2A2A2A2A-
   497 00000040 2A2A2A2A2A2A2A2A2A-
   497 00000049 2A2A2A2A2A2A2A2A2A-
   497 00000052 2A2A2A2A2A2A2A2A2A-
   497 0000005B 2A2A2A2A2A2A       
   498 00000061 0D0A                                        db  $0D,$0A
   499 00000063 535452415445475920-                         db  'STRATEGY GAMES SUCH AS ZORK, AVALON, OR RABBITS VS PLUMBERS'
   499 0000006C 47414D455320535543-
   499 00000075 48204153205A4F524B-
   499 0000007E 2C204156414C4F4E2C-
   499 00000087 204F52205241424249-
   499 00000090 545320565320504C55-
   499 00000099 4D42455253         
   500 0000009E 0D0A                                        db  $0D,$0A
   501 000000A0 2A2A2A2A2A2A2A2A2A-                         db  '************************************************************'
   501 000000A9 2A2A2A2A2A2A2A2A2A-
   501 000000B2 2A2A2A2A2A2A2A2A2A-
   501 000000BB 2A2A2A2A2A2A2A2A2A-
   501 000000C4 2A2A2A2A2A2A2A2A2A-
   501 000000CD 2A2A2A2A2A2A2A2A2A-
   501 000000D6 2A2A2A2A2A2A       
   502 000000DC 0D0A                                        db  $0D,$0A
   503                                  len_welcome_msg     equ $-welcome_msg                   ; welcome_msg message length
   504                                  
   505                                  ; Continue Message 
   506 000000DE 507265737320616E79-     continue_msg        db  'Press any key to continue........'
   506 000000E7 206B657920746F2063-
   506 000000F0 6F6E74696E75652E2E-
   506 000000F9 2E2E2E2E2E2E       
   507 000000FF 0D0A                                        db  $0D,$0A
   508                                  len_continue_msg     equ $-continue_msg                 ; continue_msg message length
   509                                  
   510                                  ; Game play messages
   511 00000101 504F54494F4E202E2E-     potion_msg          db  'POTION ....'
   511 0000010A 2E2E               
   512 0000010C 0D0A                                        db  $0D,$0A
   513 0000010E 454E54455220504F54-                         db  'ENTER POTION : ',0
   513 00000117 494F4E203A2000     
   514                                  len_potion_msg      equ $-potion_msg                    ; potion_msg message length
   515                                  
   516 0000011E 4E554D424552204F46-     potions_msg         db  'NUMBER OF POTIONS : ',0
   516 00000127 20504F54494F4E5320-
   516 00000130 3A2000             
   517                                  len_potions_msg     equ $-potions_msg                   ; potions_msg message length
   518                                  
   519 00000133 454143482051554553-     weapons_msg         db  'EACH QUEST NEED AT LEAST 2 WEAPONS'
   519 0000013C 54204E454544204154-
   519 00000145 204C45415354203220-
   519 0000014E 574541504F4E53     
   520 00000155 0D0A                                        db  $0D,$0A
   521 00000157 4D494E494D554D2052-                         db  'MINIMUM REQUIREMENT IS 2 '
   521 00000160 4551554952454D454E-
   521 00000169 54204953203220     
   522 00000170 692E652053574F5244-                         db  'i.e SWORD X 1 AND SPEER X 1.'
   522 00000179 2058203120414E4420-
   522 00000182 535045455220582031-
   522 0000018B 2E                 
   523 0000018C 0D0A                                        db  $0D,$0A
   524 0000018E 454E5445522023204F-                         db  'ENTER # OF WEAPONS : ',0
   524 00000197 4620574541504F4E53-
   524 000001A0 203A2000           
   525                                  len_weapons_msg     equ $-weapons_msg                   ; weapons_msg message length
   526                                  
   527 000001A4 4144442047414D4550-     gameplay_msg        db  'ADD GAMEPLAY !'                ; gameplay_msg
   527 000001AD 4C41592021         
   528                                  len_gameplay_msg    equ $-gameplay_msg                  ; gameplay_msg message length
   529                                  
   530 000001B2 555044415445204741-     update_msg          db  'UPDATE GAMEPLAY !'             ; update_msg
   530 000001BB 4D45504C41592021   
   531                                  len_update_msg      equ $-update_msg                    ; update_msg message length     
   532                                  
   533 000001C3 445241572053435245-     draw_msg            db  'DRAW SCREEN !'                 ; draw_msg
   533 000001CC 454E2021           
   534                                  len_draw_msg        equ $-draw_msg                      ; draw_msg message length     
   535                                  
   536 000001D0 535452494B4521          hit_msg             db  'STRIKE!'                       ; hit_msg
   537                                  len_hit_msg         equ $-hit_msg                       ; hit_msg message length     
   538                                  
   539 000001D7 4D49535321              miss_msg            db  'MISS!'                         ; miss_msg
   540                                  len_miss_msg        equ $-miss_msg                      ; miss_msg message length     
   541                                  
   542 000001DC 2E<rep 3Ch>             loop_msg            times 60 db  '.'                             ; loop_msg
   543                                  len_loop_msg        equ $-loop_msg                      ; loop_msg message length     
   544                                  
   545 00000218 454E54455220302054-     replay_msg          db  'ENTER 0 TO QUIT '
   545 00000221 4F205155495420     
   546 00000228 414E59204F54484552-                         db  'ANY OTHER NUMBER TO REPLAY : '
   546 00000231 204E554D4245522054-
   546 0000023A 4F205245504C415920-
   546 00000243 3A20               
   547                                  len_replay_msg      equ $-replay_msg                    ; replay_msg message length     
   548                                  
   549 00000245 53434F5245203A20        score_msg           db  'SCORE : '
   550                                  len_score_msg       equ $-score_msg                     ; score message length
   551                                  
   552 0000024D 4865616C7468203A20      health_msg          db  'Health : '
   553                                  len_health_msg      equ $-health_msg                    ; health message length  
   554                                   
   555 00000256 0D0A                    crlf                db $0D,$0A                          ; carraige return line feed
   556                                  len_crlf            equ $-crlf                          ; length crlf
